72 code\controllers\subsystems\director.dm
2 code\game\gamemodes\dynamic\dynamic.dm
